Running all tests...

TestReport: PacletizedResourceFunctions.wl | Collecting tests...Evaluating tests (0)Elapsed time 2s

TestReport: PacletizedResourceFunctions.wl | Collecting tests...Evaluating tests (0)Elapsed time 3s

TestReport: PacletizedResourceFunctions.wl | Collecting tests...Evaluating tests (0)Elapsed time 3s

TestReport: EntityFramework` | Collecting tests...Evaluating tests (0)Elapsed time 4s

TestReport: WolframAlphaClient`WolframAlphaClient` | Collecting tests...Evaluating tests (0)Elapsed time 4s

TestReport: PacletizedResourceFunctions.wl | Collecting tests...Evaluating tests (0)Elapsed time 4s

TestReport: PacletizedResourceFunctions.wl | Collecting tests...Evaluating tests (0)Elapsed time 5s

TestReport: PacletizedResourceFunctions.wl | Collecting tests...Evaluating tests (0)Elapsed time 5s

TestReport: PacletizedResourceFunctions.wl | Collecting tests...Evaluating tests (0)Elapsed time 6s

TestReport: PacletizedResourceFunctions.wl | Collecting tests...Evaluating tests (0)Elapsed time 6s

TestReport: Models.wl | Collecting tests...Evaluating tests (0)Elapsed time 6s

TestReport: ToNumber.wlt (0%) [                                        ] Collecting tests...Evaluating 0 of 77 testsElapsed time: 7s | Remaining time: …

TestReport: ToNumber.wlt (0%) [                                        ] Collecting tests...Evaluating 0 of 77 testsElapsed time: 7s | Remaining time: …

TestReport: ToNumber.wlt (0%) [                                        ] Collecting tests...Evaluating 0 of 77 testsElapsed time: 8s | Remaining time: …

TestReport: ToNumber.wlt (0%) [                                        ] Collecting tests...Evaluating 0 of 77 testsElapsed time: 8s | Remaining time: …

TestReport: ToNumber.wlt (0%) [                                        ] Collecting tests...Evaluating 0 of 77 testsElapsed time: 8s | Remaining time: …

TestReport: ToNumber.wlt (0%) [                                        ] Collecting tests...Evaluating 0 of 77 testsElapsed time: 9s | Remaining time: …

TestReport: ToNumber.wlt (0%) [                                        ] Collecting tests...Evaluating 0 of 77 testsElapsed time: 9s | Remaining time: …

TestReport: ToNumber.wlt (0%) [                                        ] Collecting tests...Evaluating 0 of 77 testsElapsed time: 10s | Remaining time: …

TestReport: ToNumber.wlt (0%) [                                        ] Collecting tests...Evaluating 0 of 77 testsElapsed time: 10s | Remaining time: …

TestReport: ToNumber.wlt (10.42%) [====                                    ] 27 SuccessEvaluating 27 of 259 testsElapsed time: 10s | Remaining time: …

TestReport: ToNumber.wlt (10.42%) [====                                    ] 27 SuccessEvaluating 27 of 259 testsElapsed time: 11s | Remaining time: …

TestReport: ToNumber.wlt (10.42%) [====                                    ] 27 SuccessEvaluating 27 of 259 testsElapsed time: 11s | Remaining time: …

TestReport: ToNumber.wlt (10.42%) [====                                    ] 27 SuccessEvaluating 27 of 259 testsElapsed time: 12s | Remaining time: …

TestReport: ToNumber.wlt (10.42%) [====                                    ] 27 SuccessEvaluating 27 of 259 testsElapsed time: 12s | Remaining time: …

TestReport: ToNumber.wlt (10.42%) [====                                    ] 27 SuccessEvaluating 27 of 259 testsElapsed time: 12s | Remaining time: …

TestReport: ToNumber.wlt (10.42%) [====                                    ] 27 SuccessEvaluating 27 of 259 testsElapsed time: 13s | Remaining time: …

TestReport: ToNumber.wlt (10.42%) [====                                    ] 27 SuccessEvaluating 27 of 259 testsElapsed time: 13s | Remaining time: …

TestReport: ToNumber.wlt (10.42%) [====                                    ] 27 SuccessEvaluating 27 of 259 testsElapsed time: 14s | Remaining time: …

TestReport: ToNumber.wlt (10.42%) [====                                    ] 27 SuccessEvaluating 27 of 259 testsElapsed time: 14s | Remaining time: …

TestReport: ToNumber.wlt (10.42%) [====                                    ] 27 SuccessEvaluating 27 of 259 testsElapsed time: 14s | Remaining time: …

TestReport: ToNumber.wlt (10.42%) [====                                    ] 27 SuccessEvaluating 27 of 259 testsElapsed time: 15s | Remaining time: …

TestReport: ToNumber.wlt (10.42%) [====                                    ] 27 SuccessEvaluating 27 of 259 testsElapsed time: 15s | Remaining time: …

TestReport: ToNumber.wlt (10.42%) [====                                    ] 27 SuccessEvaluating 27 of 259 testsElapsed time: 16s | Remaining time: …

TestReport: ToNumber.wlt (10.42%) [====                                    ] 27 SuccessEvaluating 27 of 259 testsElapsed time: 16s | Remaining time: …

TestReport: ToNumber.wlt (10.42%) [====                                    ] 27 SuccessEvaluating 27 of 259 testsElapsed time: 16s | Remaining time: …

TestReport: ToNumber.wlt (10.42%) [====                                    ] 27 SuccessEvaluating 27 of 259 testsElapsed time: 17s | Remaining time: …

TestReport: ToNumber.wlt (10.42%) [====                                    ] 27 SuccessEvaluating 27 of 259 testsElapsed time: 17s | Remaining time: …

TestReport: ToNumber.wlt (10.81%) [====                                    ] 28 SuccessEvaluating 28 of 259 testsElapsed time: 18s | Remaining time: …

TestReport: ToNumber.wlt (10.81%) [====                                    ] 28 SuccessEvaluating 28 of 259 testsElapsed time: 18s | Remaining time: …

TestReport: ToNumber.wlt (10.81%) [====                                    ] 28 SuccessEvaluating 28 of 259 testsElapsed time: 18s | Remaining time: …

TestReport: ToNumber.wlt (10.81%) [====                                    ] 28 SuccessEvaluating 28 of 259 testsElapsed time: 19s | Remaining time: …

TestReport: ToNumber.wlt (10.81%) [====                                    ] 28 SuccessEvaluating 28 of 259 testsElapsed time: 19s | Remaining time: …

TestReport: ToNumber.wlt (10.81%) [====                                    ] 28 SuccessEvaluating 28 of 259 testsElapsed time: 20s | Remaining time: …

TestReport: ToNumber.wlt (10.81%) [====                                    ] 28 SuccessEvaluating 28 of 259 testsElapsed time: 20s | Remaining time: …

TestReport: ToNumber.wlt (10.81%) [====                                    ] 28 SuccessEvaluating 28 of 259 testsElapsed time: 20s | Remaining time: …

TestReport: ToNumber.wlt (10.81%) [====                                    ] 28 SuccessEvaluating 28 of 259 testsElapsed time: 21s | Remaining time: …

TestReport: ToNumber.wlt (10.81%) [====                                    ] 28 SuccessEvaluating 28 of 259 testsElapsed time: 21s | Remaining time: …

TestReport: ToNumber.wlt (10.81%) [====                                    ] 28 SuccessEvaluating 28 of 259 testsElapsed time: 22s | Remaining time: …

TestReport: ToNumber.wlt (10.81%) [====                                    ] 28 SuccessEvaluating 28 of 259 testsElapsed time: 22s | Remaining time: …

TestReport: ToNumber.wlt (10.81%) [====                                    ] 28 SuccessEvaluating 28 of 259 testsElapsed time: 22s | Remaining time: …

TestReport: ToNumber.wlt (10.81%) [====                                    ] 28 SuccessEvaluating 28 of 259 testsElapsed time: 23s | Remaining time: …

TestReport: ToNumber.wlt (10.81%) [====                                    ] 28 SuccessEvaluating 28 of 259 testsElapsed time: 23s | Remaining time: …

TestReport: ToNumber.wlt (10.81%) [====                                    ] 28 SuccessEvaluating 28 of 259 testsElapsed time: 24s | Remaining time: …

TestReport: ToNumber.wlt (10.81%) [====                                    ] 28 SuccessEvaluating 28 of 259 testsElapsed time: 24s | Remaining time: …

TestReport: ToNumber.wlt (11.2%) [====                                    ] 29 SuccessEvaluating 29 of 259 testsElapsed time: 24s | Remaining time: …

TestReport: ToNumber.wlt (11.2%) [====                                    ] 29 SuccessEvaluating 29 of 259 testsElapsed time: 25s | Remaining time: …

TestReport: ToNumber.wlt (11.2%) [====                                    ] 29 SuccessEvaluating 29 of 259 testsElapsed time: 25s | Remaining time: …

TestReport: ToNumber.wlt (11.2%) [====                                    ] 29 SuccessEvaluating 29 of 259 testsElapsed time: 26s | Remaining time: …

TestReport: ToNumber.wlt (11.2%) [====                                    ] 29 SuccessEvaluating 29 of 259 testsElapsed time: 26s | Remaining time: …

TestReport: ToNumber.wlt (11.58%) [=====                                   ] 30 SuccessEvaluating 30 of 259 testsElapsed time: 26s | Remaining time: …

TestReport: ToNumber.wlt (11.58%) [=====                                   ] 30 SuccessEvaluating 30 of 259 testsElapsed time: 27s | Remaining time: …

TestReport: ToNumber.wlt (11.58%) [=====                                   ] 30 SuccessEvaluating 30 of 259 testsElapsed time: 27s | Remaining time: …

TestReport: ToNumber.wlt (11.58%) [=====                                   ] 30 SuccessEvaluating 30 of 259 testsElapsed time: 28s | Remaining time: …

TestReport: ToNumber.wlt (11.58%) [=====                                   ] 30 SuccessEvaluating 30 of 259 testsElapsed time: 28s | Remaining time: …

TestReport: ToNumber.wlt (11.58%) [=====                                   ] 30 SuccessEvaluating 30 of 259 testsElapsed time: 28s | Remaining time: …

TestReport: ToNumber.wlt (11.58%) [=====                                   ] 30 SuccessEvaluating 30 of 259 testsElapsed time: 29s | Remaining time: …

TestReport: ToNumber.wlt (11.58%) [=====                                   ] 30 SuccessEvaluating 30 of 259 testsElapsed time: 29s | Remaining time: …

TestReport: ToNumber.wlt (11.58%) [=====                                   ] 30 SuccessEvaluating 30 of 259 testsElapsed time: 30s | Remaining time: …

TestReport: ToNumber.wlt (11.58%) [=====                                   ] 30 SuccessEvaluating 30 of 259 testsElapsed time: 30s | Remaining time: …

TestReport: ToNumber.wlt (11.58%) [=====                                   ] 30 SuccessEvaluating 30 of 259 testsElapsed time: 31s | Remaining time: …

TestReport: ToNumber.wlt (11.58%) [=====                                   ] 30 SuccessEvaluating 30 of 259 testsElapsed time: 31s | Remaining time: …

TestReport: ToNumber.wlt (11.58%) [=====                                   ] 30 SuccessEvaluating 30 of 259 testsElapsed time: 31s | Remaining time: …

TestReport: ToNumber.wlt (11.58%) [=====                                   ] 30 SuccessEvaluating 30 of 259 testsElapsed time: 32s | Remaining time: …

TestReport: ToNumber.wlt (11.58%) [=====                                   ] 30 SuccessEvaluating 30 of 259 testsElapsed time: 32s | Remaining time: …

TestReport: ToNumber.wlt (11.58%) [=====                                   ] 30 SuccessEvaluating 30 of 259 testsElapsed time: 33s | Remaining time: …

TestReport: ToNumber.wlt (11.58%) [=====                                   ] 30 SuccessEvaluating 30 of 259 testsElapsed time: 33s | Remaining time: …

TestReport: ToNumber.wlt (11.58%) [=====                                   ] 30 SuccessEvaluating 30 of 259 testsElapsed time: 33s | Remaining time: …

TestReport: ToNumber.wlt (11.97%) [=====                                   ] 31 SuccessEvaluating 31 of 259 testsElapsed time: 34s | Remaining time: …

TestReport: ToNumber.wlt (11.97%) [=====                                   ] 31 SuccessEvaluating 31 of 259 testsElapsed time: 34s | Remaining time: …

TestReport: ToNumber.wlt (11.97%) [=====                                   ] 31 SuccessEvaluating 31 of 259 testsElapsed time: 35s | Remaining time: …

TestReport: ToNumber.wlt (11.97%) [=====                                   ] 31 SuccessEvaluating 31 of 259 testsElapsed time: 35s | Remaining time: …

TestReport: ToNumber.wlt (11.97%) [=====                                   ] 31 SuccessEvaluating 31 of 259 testsElapsed time: 35s | Remaining time: …

TestReport: ToNumber.wlt (11.97%) [=====                                   ] 31 SuccessEvaluating 31 of 259 testsElapsed time: 36s | Remaining time: …

TestReport: ToNumber.wlt (11.97%) [=====                                   ] 31 SuccessEvaluating 31 of 259 testsElapsed time: 36s | Remaining time: …

TestReport: ToNumber.wlt (11.97%) [=====                                   ] 31 SuccessEvaluating 31 of 259 testsElapsed time: 37s | Remaining time: …

TestReport: ToNumber.wlt (11.97%) [=====                                   ] 31 SuccessEvaluating 31 of 259 testsElapsed time: 37s | Remaining time: …

TestReport: ToNumber.wlt (11.97%) [=====                                   ] 31 SuccessEvaluating 31 of 259 testsElapsed time: 37s | Remaining time: …

TestReport: ToNumber.wlt (12.36%) [=====                                   ] 32 SuccessEvaluating 32 of 259 testsElapsed time: 38s | Remaining time: …

TestReport: ToNumber.wlt (12.36%) [=====                                   ] 32 SuccessEvaluating 32 of 259 testsElapsed time: 38s | Remaining time: …

TestReport: ToNumber.wlt (12.36%) [=====                                   ] 32 SuccessEvaluating 32 of 259 testsElapsed time: 39s | Remaining time: …

TestReport: ToNumber.wlt (13.51%) [=====                                   ] 35 SuccessEvaluating 35 of 259 testsElapsed time: 39s | Remaining time: …

TestReport: ToNumber.wlt (13.51%) [=====                                   ] 35 SuccessEvaluating 35 of 259 testsElapsed time: 39s | Remaining time: …

TestReport: ToNumber.wlt (13.51%) [=====                                   ] 35 SuccessEvaluating 35 of 259 testsElapsed time: 40s | Remaining time: …

TestReport: ToNumber.wlt (13.9%) [======                                  ] 36 SuccessEvaluating 36 of 259 testsElapsed time: 40s | Remaining time: …

TestReport: ToNumber.wlt (13.9%) [======                                  ] 36 SuccessEvaluating 36 of 259 testsElapsed time: 41s | Remaining time: …

TestReport: ToNumber.wlt (13.9%) [======                                  ] 36 SuccessEvaluating 36 of 259 testsElapsed time: 41s | Remaining time: …

TestReport: ToNumber.wlt (14.29%) [======                                  ] 37 SuccessEvaluating 37 of 259 testsElapsed time: 41s | Remaining time: …

TestReport: ToNumber.wlt (14.67%) [======                                  ] 38 SuccessEvaluating 38 of 259 testsElapsed time: 42s | Remaining time: …

TestReport: ToNumber.wlt (15.44%) [======                                  ] 40 SuccessEvaluating 40 of 259 testsElapsed time: 42s | Remaining time: …

TestReport: ToNumber.wlt (15.44%) [======                                  ] 40 SuccessEvaluating 40 of 259 testsElapsed time: 43s | Remaining time: …

TestReport: ToNumber.wlt (15.83%) [======                                  ] 41 SuccessEvaluating 41 of 259 testsElapsed time: 43s | Remaining time: …

TestReport: ToNumber.wlt (16.6%) [=======                                 ] 43 SuccessEvaluating 43 of 259 testsElapsed time: 43s | Remaining time: …

TestReport: ToNumber.wlt (16.6%) [=======                                 ] 43 SuccessEvaluating 43 of 259 testsElapsed time: 44s | Remaining time: …

TestReport: ToNumber.wlt (16.6%) [=======                                 ] 43 SuccessEvaluating 43 of 259 testsElapsed time: 44s | Remaining time: …

TestReport: ToNumber.wlt (16.6%) [=======                                 ] 43 SuccessEvaluating 43 of 259 testsElapsed time: 45s | Remaining time: …

TestReport: ToNumber.wlt (16.6%) [=======                                 ] 43 SuccessEvaluating 43 of 259 testsElapsed time: 45s | Remaining time: …

TestReport: ToNumber.wlt (16.6%) [=======                                 ] 43 SuccessEvaluating 43 of 259 testsElapsed time: 45s | Remaining time: …

TestReport: ToNumber.wlt (16.6%) [=======                                 ] 43 SuccessEvaluating 43 of 259 testsElapsed time: 46s | Remaining time: …

TestReport: ToNumber.wlt (16.6%) [=======                                 ] 43 SuccessEvaluating 43 of 259 testsElapsed time: 46s | Remaining time: …

TestReport: ToNumber.wlt (16.6%) [=======                                 ] 43 SuccessEvaluating 43 of 259 testsElapsed time: 47s | Remaining time: …

TestReport: ToNumber.wlt (16.99%) [=======                                 ] 44 SuccessEvaluating 44 of 259 testsElapsed time: 47s | Remaining time: …

TestReport: ToNumber.wlt (16.99%) [=======                                 ] 44 SuccessEvaluating 44 of 259 testsElapsed time: 47s | Remaining time: …

TestReport: ToNumber.wlt (16.99%) [=======                                 ] 44 SuccessEvaluating 44 of 259 testsElapsed time: 48s | Remaining time: …

TestReport: ToNumber.wlt (16.99%) [=======                                 ] 44 SuccessEvaluating 44 of 259 testsElapsed time: 48s | Remaining time: …

TestReport: ToNumber.wlt (16.99%) [=======                                 ] 44 SuccessEvaluating 44 of 259 testsElapsed time: 49s | Remaining time: …

TestReport: ToNumber.wlt (16.99%) [=======                                 ] 44 SuccessEvaluating 44 of 259 testsElapsed time: 49s | Remaining time: …

TestReport: ToNumber.wlt (16.99%) [=======                                 ] 44 SuccessEvaluating 44 of 259 testsElapsed time: 49s | Remaining time: …

TestReport: ToNumber.wlt (16.99%) [=======                                 ] 44 SuccessEvaluating 44 of 259 testsElapsed time: 50s | Remaining time: …

TestReport: ToNumber.wlt (16.99%) [=======                                 ] 44 SuccessEvaluating 44 of 259 testsElapsed time: 50s | Remaining time: …

TestReport: ToNumber.wlt (17.37%) [=======                                 ] 45 SuccessEvaluating 45 of 259 testsElapsed time: 51s | Remaining time: …

TestReport: ToNumber.wlt (17.37%) [=======                                 ] 45 SuccessEvaluating 45 of 259 testsElapsed time: 51s | Remaining time: …

TestReport: ToNumber.wlt (17.37%) [=======                                 ] 45 SuccessEvaluating 45 of 259 testsElapsed time: 51s | Remaining time: …

TestReport: ToNumber.wlt (17.37%) [=======                                 ] 45 SuccessEvaluating 45 of 259 testsElapsed time: 52s | Remaining time: …

TestReport: ToNumber.wlt (17.37%) [=======                                 ] 45 SuccessEvaluating 45 of 259 testsElapsed time: 52s | Remaining time: …

TestReport: ToNumber.wlt (17.76%) [=======                                 ] 46 SuccessEvaluating 46 of 259 testsElapsed time: 53s | Remaining time: …

TestReport: ToNumber.wlt (17.76%) [=======                                 ] 46 SuccessEvaluating 46 of 259 testsElapsed time: 53s | Remaining time: …

TestReport: ToNumber.wlt (17.76%) [=======                                 ] 46 SuccessEvaluating 46 of 259 testsElapsed time: 54s | Remaining time: …

TestReport: ToNumber.wlt (17.76%) [=======                                 ] 46 SuccessEvaluating 46 of 259 testsElapsed time: 54s | Remaining time: …

TestReport: ToNumber.wlt (17.76%) [=======                                 ] 46 SuccessEvaluating 46 of 259 testsElapsed time: 55s | Remaining time: …

TestReport: ToNumber.wlt (17.76%) [=======                                 ] 46 SuccessEvaluating 46 of 259 testsElapsed time: 55s | Remaining time: …

TestReport: ToNumber.wlt (17.76%) [=======                                 ] 46 SuccessEvaluating 46 of 259 testsElapsed time: 55s | Remaining time: …

TestReport: ToNumber.wlt (17.76%) [=======                                 ] 46 SuccessEvaluating 46 of 259 testsElapsed time: 56s | Remaining time: …

TestReport: ToNumber.wlt (17.76%) [=======                                 ] 46 SuccessEvaluating 46 of 259 testsElapsed time: 56s | Remaining time: …

TestReport: ToNumber.wlt (17.76%) [=======                                 ] 46 SuccessEvaluating 46 of 259 testsElapsed time: 57s | Remaining time: …

TestReport: ToNumber.wlt (17.76%) [=======                                 ] 46 SuccessEvaluating 46 of 259 testsElapsed time: 57s | Remaining time: …

TestReport: ToNumber.wlt (17.76%) [=======                                 ] 46 SuccessEvaluating 46 of 259 testsElapsed time: 57s | Remaining time: …

TestReport: ToNumber.wlt (17.76%) [=======                                 ] 46 SuccessEvaluating 46 of 259 testsElapsed time: 58s | Remaining time: …

TestReport: ToNumber.wlt (17.76%) [=======                                 ] 46 SuccessEvaluating 46 of 259 testsElapsed time: 58s | Remaining time: …

TestReport: ToNumber.wlt (17.76%) [=======                                 ] 46 SuccessEvaluating 46 of 259 testsElapsed time: 59s | Remaining time: …

TestReport: ToNumber.wlt (17.76%) [=======                                 ] 46 SuccessEvaluating 46 of 259 testsElapsed time: 59s | Remaining time: …

TestReport: ToNumber.wlt (17.76%) [=======                                 ] 46 SuccessEvaluating 46 of 259 testsElapsed time: 59s | Remaining time: …

TestReport: ToNumber.wlt (18.15%) [=======                                 ] 47 SuccessEvaluating 47 of 259 testsElapsed time: 1m00s | Remaining time: …

TestReport: ToNumber.wlt (18.15%) [=======                                 ] 47 SuccessEvaluating 47 of 259 testsElapsed time: 1m00s | Remaining time: …

TestReport: ToNumber.wlt (18.15%) [=======                                 ] 47 SuccessEvaluating 47 of 259 testsElapsed time: 1m01s | Remaining time: …

TestReport: ToNumber.wlt (18.15%) [=======                                 ] 47 SuccessEvaluating 47 of 259 testsElapsed time: 1m01s | Remaining time: …

TestReport: ToNumber.wlt (18.15%) [=======                                 ] 47 SuccessEvaluating 47 of 259 testsElapsed time: 1m01s | Remaining time: …

TestReport: ToNumber.wlt (18.15%) [=======                                 ] 47 SuccessEvaluating 47 of 259 testsElapsed time: 1m02s | Remaining time: …

TestReport: ToNumber.wlt (18.15%) [=======                                 ] 47 SuccessEvaluating 47 of 259 testsElapsed time: 1m02s | Remaining time: …

TestReport: ToNumber.wlt (18.15%) [=======                                 ] 47 SuccessEvaluating 47 of 259 testsElapsed time: 1m03s | Remaining time: …

TestReport: ToNumber.wlt (18.15%) [=======                                 ] 47 SuccessEvaluating 47 of 259 testsElapsed time: 1m03s | Remaining time: …

TestReport: ToNumber.wlt (18.15%) [=======                                 ] 47 SuccessEvaluating 47 of 259 testsElapsed time: 1m03s | Remaining time: …

TestReport: ToNumber.wlt (18.15%) [=======                                 ] 47 SuccessEvaluating 47 of 259 testsElapsed time: 1m04s | Remaining time: …

TestReport: ToNumber.wlt (18.15%) [=======                                 ] 47 SuccessEvaluating 47 of 259 testsElapsed time: 1m04s | Remaining time: …

TestReport: ToNumber.wlt (18.15%) [=======                                 ] 47 SuccessEvaluating 47 of 259 testsElapsed time: 1m05s | Remaining time: …

TestReport: ToNumber.wlt (18.53%) [=======                                 ] 48 SuccessEvaluating 48 of 259 testsElapsed time: 1m05s | Remaining time: …

TestReport: ToNumber.wlt (18.53%) [=======                                 ] 48 SuccessEvaluating 48 of 259 testsElapsed time: 1m05s | Remaining time: …

TestReport: ToNumber.wlt (18.53%) [=======                                 ] 48 SuccessEvaluating 48 of 259 testsElapsed time: 1m06s | Remaining time: …

TestReport: ToNumber.wlt (18.53%) [=======                                 ] 48 SuccessEvaluating 48 of 259 testsElapsed time: 1m06s | Remaining time: …

TestReport: ToNumber.wlt (18.53%) [=======                                 ] 48 SuccessEvaluating 48 of 259 testsElapsed time: 1m07s | Remaining time: …

TestReport: ToNumber.wlt (18.53%) [=======                                 ] 48 SuccessEvaluating 48 of 259 testsElapsed time: 1m07s | Remaining time: …

TestReport: ToNumber.wlt (18.92%) [========                                ] 49 SuccessEvaluating 49 of 259 testsElapsed time: 1m07s | Remaining time: …

TestReport: ToNumber.wlt (18.92%) [========                                ] 49 SuccessEvaluating 49 of 259 testsElapsed time: 1m08s | Remaining time: …

TestReport: ToNumber.wlt (18.92%) [========                                ] 49 SuccessEvaluating 49 of 259 testsElapsed time: 1m08s | Remaining time: …

TestReport: ToNumber.wlt (18.92%) [========                                ] 49 SuccessEvaluating 49 of 259 testsElapsed time: 1m09s | Remaining time: …

TestReport: ToNumber.wlt (19.31%) [========                                ] 50 SuccessEvaluating 50 of 259 testsElapsed time: 1m09s | Remaining time: …

TestReport: ToNumber.wlt (19.31%) [========                                ] 50 SuccessEvaluating 50 of 259 testsElapsed time: 1m09s | Remaining time: …

TestReport: ToNumber.wlt (19.31%) [========                                ] 50 SuccessEvaluating 50 of 259 testsElapsed time: 1m10s | Remaining time: …

TestReport: ToNumber.wlt (19.31%) [========                                ] 50 SuccessEvaluating 50 of 259 testsElapsed time: 1m10s | Remaining time: …

TestReport: ToNumber.wlt (19.31%) [========                                ] 50 SuccessEvaluating 50 of 259 testsElapsed time: 1m11s | Remaining time: …

TestReport: ToNumber.wlt (19.31%) [========                                ] 50 SuccessEvaluating 50 of 259 testsElapsed time: 1m11s | Remaining time: …

TestReport: ToNumber.wlt (19.31%) [========                                ] 50 SuccessEvaluating 50 of 259 testsElapsed time: 1m11s | Remaining time: …

TestReport: ToNumber.wlt (20.46%) [========                                ] 53 SuccessEvaluating 53 of 259 testsElapsed time: 1m12s | Remaining time: …

TestReport: ToNumber.wlt (20.46%) [========                                ] 53 SuccessEvaluating 53 of 259 testsElapsed time: 1m12s | Remaining time: …

TestReport: ToNumber.wlt (20.46%) [========                                ] 53 SuccessEvaluating 53 of 259 testsElapsed time: 1m13s | Remaining time: …

TestReport: ToNumber.wlt (20.85%) [========                                ] 54 SuccessEvaluating 54 of 259 testsElapsed time: 1m13s | Remaining time: …

TestReport: ToNumber.wlt (20.85%) [========                                ] 54 SuccessEvaluating 54 of 259 testsElapsed time: 1m13s | Remaining time: …

TestReport: ToNumber.wlt (20.85%) [========                                ] 54 SuccessEvaluating 54 of 259 testsElapsed time: 1m14s | Remaining time: …

TestReport: ToNumber.wlt (21.24%) [========                                ] 55 SuccessEvaluating 55 of 259 testsElapsed time: 1m14s | Remaining time: …

TestReport: ToNumber.wlt (22.01%) [=========                               ] 57 SuccessEvaluating 57 of 259 testsElapsed time: 1m15s | Remaining time: …

TestReport: ToNumber.wlt (22.01%) [=========                               ] 57 SuccessEvaluating 57 of 259 testsElapsed time: 1m15s | Remaining time: …

TestReport: ToNumber.wlt (22.01%) [=========                               ] 57 SuccessEvaluating 57 of 259 testsElapsed time: 1m15s | Remaining time: …

TestReport: ToNumber.wlt (22.01%) [=========                               ] 57 SuccessEvaluating 57 of 259 testsElapsed time: 1m16s | Remaining time: …

TestReport: ToNumber.wlt (22.01%) [=========                               ] 57 SuccessEvaluating 57 of 259 testsElapsed time: 1m16s | Remaining time: …

TestReport: ToNumber.wlt (22.01%) [=========                               ] 57 SuccessEvaluating 57 of 259 testsElapsed time: 1m17s | Remaining time: …

TestReport: ToNumber.wlt (22.39%) [=========                               ] 58 SuccessEvaluating 58 of 259 testsElapsed time: 1m17s | Remaining time: …

TestReport: ToNumber.wlt (22.39%) [=========                               ] 58 SuccessEvaluating 58 of 259 testsElapsed time: 1m17s | Remaining time: …

TestReport: ToNumber.wlt (22.39%) [=========                               ] 58 SuccessEvaluating 58 of 259 testsElapsed time: 1m18s | Remaining time: …

TestReport: ToNumber.wlt (22.39%) [=========                               ] 58 SuccessEvaluating 58 of 259 testsElapsed time: 1m18s | Remaining time: …

TestReport: ToNumber.wlt (22.39%) [=========                               ] 58 SuccessEvaluating 58 of 259 testsElapsed time: 1m19s | Remaining time: …

TestReport: ToNumber.wlt (22.39%) [=========                               ] 58 SuccessEvaluating 58 of 259 testsElapsed time: 1m19s | Remaining time: …

TestReport: ToNumber.wlt (22.78%) [=========                               ] 59 SuccessEvaluating 59 of 259 testsElapsed time: 1m19s | Remaining time: …

TestReport: ToNumber.wlt (22.78%) [=========                               ] 59 SuccessEvaluating 59 of 259 testsElapsed time: 1m20s | Remaining time: …

TestReport: ToNumber.wlt (22.78%) [=========                               ] 59 SuccessEvaluating 59 of 259 testsElapsed time: 1m20s | Remaining time: …

TestReport: ToNumber.wlt (23.17%) [=========                               ] 60 SuccessEvaluating 60 of 259 testsElapsed time: 1m21s | Remaining time: …

TestReport: ToNumber.wlt (23.17%) [=========                               ] 60 SuccessEvaluating 60 of 259 testsElapsed time: 1m21s | Remaining time: …

TestReport: ToNumber.wlt (23.17%) [=========                               ] 60 SuccessEvaluating 60 of 259 testsElapsed time: 1m21s | Remaining time: …

TestReport: ToNumber.wlt (23.17%) [=========                               ] 60 SuccessEvaluating 60 of 259 testsElapsed time: 1m22s | Remaining time: …

TestReport: ToNumber.wlt (23.17%) [=========                               ] 60 SuccessEvaluating 60 of 259 testsElapsed time: 1m22s | Remaining time: …

TestReport: ToNumber.wlt (23.17%) [=========                               ] 60 SuccessEvaluating 60 of 259 testsElapsed time: 1m23s | Remaining time: …

TestReport: ToNumber.wlt (23.94%) [==========                              ] 62 SuccessEvaluating 62 of 259 testsElapsed time: 1m23s | Remaining time: …

TestReport: ToNumber.wlt (24.32%) [==========                              ] 63 SuccessEvaluating 63 of 259 testsElapsed time: 1m23s | Remaining time: …

TestReport: ToNumber.wlt (25.1%) [==========                              ] 65 SuccessEvaluating 65 of 259 testsElapsed time: 1m24s | Remaining time: …

TestReport: ToNumber.wlt (25.1%) [==========                              ] 65 SuccessEvaluating 65 of 259 testsElapsed time: 1m24s | Remaining time: …

TestReport: ToNumber.wlt (25.1%) [==========                              ] 65 SuccessEvaluating 65 of 259 testsElapsed time: 1m25s | Remaining time: …

TestReport: ToNumber.wlt (25.48%) [==========                              ] 66 SuccessEvaluating 66 of 259 testsElapsed time: 1m25s | Remaining time: …

TestReport: ToNumber.wlt (25.48%) [==========                              ] 66 SuccessEvaluating 66 of 259 testsElapsed time: 1m25s | Remaining time: …

TestReport: ToNumber.wlt (25.48%) [==========                              ] 66 SuccessEvaluating 66 of 259 testsElapsed time: 1m26s | Remaining time: …

TestReport: ToNumber.wlt (25.48%) [==========                              ] 66 SuccessEvaluating 66 of 259 testsElapsed time: 1m26s | Remaining time: …

TestReport: ToNumber.wlt (25.87%) [==========                              ] 67 SuccessEvaluating 67 of 259 testsElapsed time: 1m27s | Remaining time: …

TestReport: ToNumber.wlt (25.87%) [==========                              ] 67 SuccessEvaluating 67 of 259 testsElapsed time: 1m27s | Remaining time: …

TestReport: ToNumber.wlt (25.87%) [==========                              ] 67 SuccessEvaluating 67 of 259 testsElapsed time: 1m27s | Remaining time: …

TestReport: ToNumber.wlt (25.87%) [==========                              ] 67 SuccessEvaluating 67 of 259 testsElapsed time: 1m28s | Remaining time: …

TestReport: ToNumber.wlt (25.87%) [==========                              ] 67 SuccessEvaluating 67 of 259 testsElapsed time: 1m28s | Remaining time: …

TestReport: ToNumber.wlt (26.25%) [===========                             ] 68 SuccessEvaluating 68 of 259 testsElapsed time: 1m29s | Remaining time: …

TestReport: ToNumber.wlt (26.25%) [===========                             ] 68 SuccessEvaluating 68 of 259 testsElapsed time: 1m29s | Remaining time: …

TestReport: ToNumber.wlt (26.25%) [===========                             ] 68 SuccessEvaluating 68 of 259 testsElapsed time: 1m29s | Remaining time: …

TestReport: ToNumber.wlt (26.25%) [===========                             ] 68 SuccessEvaluating 68 of 259 testsElapsed time: 1m30s | Remaining time: …

TestReport: ToNumber.wlt (26.25%) [===========                             ] 68 SuccessEvaluating 68 of 259 testsElapsed time: 1m30s | Remaining time: …

TestReport: ToNumber.wlt (26.25%) [===========                             ] 68 SuccessEvaluating 68 of 259 testsElapsed time: 1m31s | Remaining time: …

TestReport: ToNumber.wlt (27.03%) [===========                             ] 70 SuccessEvaluating 70 of 259 testsElapsed time: 1m31s | Remaining time: …

TestReport: ToNumber.wlt (27.41%) [===========                             ] 71 SuccessEvaluating 71 of 259 testsElapsed time: 1m31s | Remaining time: …

TestReport: ToNumber.wlt (27.41%) [===========                             ] 71 SuccessEvaluating 71 of 259 testsElapsed time: 1m32s | Remaining time: …

TestReport: ToNumber.wlt (27.41%) [===========                             ] 71 SuccessEvaluating 71 of 259 testsElapsed time: 1m32s | Remaining time: …

TestReport: ToNumber.wlt (27.41%) [===========                             ] 71 SuccessEvaluating 71 of 259 testsElapsed time: 1m33s | Remaining time: …

TestReport: ToNumber.wlt (27.8%) [===========                             ] 72 SuccessEvaluating 72 of 259 testsElapsed time: 1m33s | Remaining time: …

TestReport: ToNumber.wlt (27.8%) [===========                             ] 72 SuccessEvaluating 72 of 259 testsElapsed time: 1m33s | Remaining time: …

TestReport: ToNumber.wlt (27.8%) [===========                             ] 72 SuccessEvaluating 72 of 259 testsElapsed time: 1m34s | Remaining time: …

TestReport: ToNumber.wlt (27.8%) [===========                             ] 72 SuccessEvaluating 72 of 259 testsElapsed time: 1m34s | Remaining time: …

TestReport: ToNumber.wlt (27.8%) [===========                             ] 72 SuccessEvaluating 72 of 259 testsElapsed time: 1m35s | Remaining time: …

TestReport: ToNumber.wlt (27.8%) [===========                             ] 72 SuccessEvaluating 72 of 259 testsElapsed time: 1m35s | Remaining time: …

TestReport: ToNumber.wlt (27.8%) [===========                             ] 72 SuccessEvaluating 72 of 259 testsElapsed time: 1m35s | Remaining time: …

TestReport: ToNumber.wlt (27.8%) [===========                             ] 72 SuccessEvaluating 72 of 259 testsElapsed time: 1m36s | Remaining time: …

TestReport: ToNumber.wlt (27.8%) [===========                             ] 72 SuccessEvaluating 72 of 259 testsElapsed time: 1m36s | Remaining time: …

TestReport: ToNumber.wlt (27.8%) [===========                             ] 72 SuccessEvaluating 72 of 259 testsElapsed time: 1m37s | Remaining time: …

TestReport: ToNumber.wlt (27.8%) [===========                             ] 72 SuccessEvaluating 72 of 259 testsElapsed time: 1m37s | Remaining time: …

TestReport: ToNumber.wlt (27.8%) [===========                             ] 72 SuccessEvaluating 72 of 259 testsElapsed time: 1m37s | Remaining time: …

TestReport: ToNumber.wlt (27.8%) [===========                             ] 72 SuccessEvaluating 72 of 259 testsElapsed time: 1m38s | Remaining time: …

TestReport: ToNumber.wlt (28.19%) [===========                             ] 73 SuccessEvaluating 73 of 259 testsElapsed time: 1m38s | Remaining time: …

TestReport: ToNumber.wlt (28.19%) [===========                             ] 73 SuccessEvaluating 73 of 259 testsElapsed time: 1m39s | Remaining time: …

TestReport: ToNumber.wlt (28.19%) [===========                             ] 73 SuccessEvaluating 73 of 259 testsElapsed time: 1m39s | Remaining time: …

TestReport: ToNumber.wlt (28.19%) [===========                             ] 73 SuccessEvaluating 73 of 259 testsElapsed time: 1m39s | Remaining time: …

TestReport: ToNumber.wlt (28.57%) [===========                             ] 74 SuccessEvaluating 74 of 259 testsElapsed time: 1m40s | Remaining time: …

TestReport: ToNumber.wlt (28.57%) [===========                             ] 74 SuccessEvaluating 74 of 259 testsElapsed time: 1m40s | Remaining time: …

TestReport: ToNumber.wlt (28.57%) [===========                             ] 74 SuccessEvaluating 74 of 259 testsElapsed time: 1m41s | Remaining time: …

TestReport: ToNumber.wlt (28.96%) [============                            ] 75 SuccessEvaluating 75 of 259 testsElapsed time: 1m41s | Remaining time: …

TestReport: ToNumber.wlt (28.96%) [============                            ] 75 SuccessEvaluating 75 of 259 testsElapsed time: 1m41s | Remaining time: …

TestReport: ToNumber.wlt (28.96%) [============                            ] 75 SuccessEvaluating 75 of 259 testsElapsed time: 1m42s | Remaining time: …

TestReport: ToNumber.wlt (31.66%) [=============                           ] 82 SuccessEvaluating 82 of 259 testsElapsed time: 1m42s | Remaining time: …

TestReport: ToNumber.wlt (32.82%) [=============                           ] 85 SuccessEvaluating 85 of 259 testsElapsed time: 1m43s | Remaining time: …

TestReport: ToNumber.wlt (35.14%) [==============                          ] 91 SuccessEvaluating 91 of 259 testsElapsed time: 1m43s | Remaining time: …

TestReport: ToNumber.wlt (37.45%) [===============                         ] 97 SuccessEvaluating 97 of 259 testsElapsed time: 1m43s | Remaining time: …

TestReport: ToNumber.wlt (37.45%) [===============                         ] 97 SuccessEvaluating 97 of 259 testsElapsed time: 1m44s | Remaining time: …

TestReport: ToNumber.wlt (37.45%) [===============                         ] 97 SuccessEvaluating 97 of 259 testsElapsed time: 1m44s | Remaining time: …

TestReport: ToNumber.wlt (37.84%) [===============                         ] 98 SuccessEvaluating 98 of 259 testsElapsed time: 1m45s | Remaining time: …

TestReport: ToNumber.wlt (37.84%) [===============                         ] 98 SuccessEvaluating 98 of 259 testsElapsed time: 1m45s | Remaining time: …

TestReport: ToNumber.wlt (37.84%) [===============                         ] 98 SuccessEvaluating 98 of 259 testsElapsed time: 1m45s | Remaining time: …

TestReport: ToNumber.wlt (37.84%) [===============                         ] 98 SuccessEvaluating 98 of 259 testsElapsed time: 1m46s | Remaining time: …

TestReport: ToNumber.wlt (37.84%) [===============                         ] 98 SuccessEvaluating 98 of 259 testsElapsed time: 1m46s | Remaining time: …

TestReport: ToNumber.wlt (37.84%) [===============                         ] 98 SuccessEvaluating 98 of 259 testsElapsed time: 1m47s | Remaining time: …

TestReport: ToNumber.wlt (38.22%) [===============                         ] 99 SuccessEvaluating 99 of 259 testsElapsed time: 1m47s | Remaining time: …

TestReport: ToNumber.wlt (38.22%) [===============                         ] 99 SuccessEvaluating 99 of 259 testsElapsed time: 1m47s | Remaining time: …

TestReport: ToNumber.wlt (38.22%) [===============                         ] 99 SuccessEvaluating 99 of 259 testsElapsed time: 1m48s | Remaining time: …

TestReport: ToNumber.wlt (38.61%) [===============                         ] 100 SuccessEvaluating 100 of 259 testsElapsed time: 1m48s | Remaining time: …

TestReport: ToNumber.wlt (38.61%) [===============                         ] 100 SuccessEvaluating 100 of 259 testsElapsed time: 1m49s | Remaining time: …

TestReport: ToNumber.wlt (38.61%) [===============                         ] 100 SuccessEvaluating 100 of 259 testsElapsed time: 1m49s | Remaining time: …

TestReport: ToNumber.wlt (39%) [================                        ] 101 SuccessEvaluating 101 of 259 testsElapsed time: 1m49s | Remaining time: …

TestReport: ToNumber.wlt (39%) [================                        ] 101 SuccessEvaluating 101 of 259 testsElapsed time: 1m50s | Remaining time: …

TestReport: ToNumber.wlt (39%) [================                        ] 101 SuccessEvaluating 101 of 259 testsElapsed time: 1m50s | Remaining time: …

TestReport: ToNumber.wlt (40.15%) [================                        ] 104 SuccessEvaluating 104 of 259 testsElapsed time: 1m51s | Remaining time: …

TestReport: ToNumber.wlt (42.47%) [=================                       ] 110 SuccessEvaluating 110 of 259 testsElapsed time: 1m51s | Remaining time: …

TestReport: ToNumber.wlt (44.79%) [==================                      ] 116 SuccessEvaluating 116 of 259 testsElapsed time: 1m51s | Remaining time: …

TestReport: ToNumber.wlt (47.1%) [===================                     ] 122 SuccessEvaluating 122 of 259 testsElapsed time: 1m52s | Remaining time: …

TestReport: ToNumber.wlt (49.42%) [====================                    ] 128 SuccessEvaluating 128 of 259 testsElapsed time: 1m52s | Remaining time: …

TestReport: ToNumber.wlt (52.12%) [=====================                   ] 135 SuccessEvaluating 135 of 259 testsElapsed time: 1m53s | Remaining time: …

TestReport: ToNumber.wlt (53.28%) [=====================                   ] 138 SuccessEvaluating 138 of 259 testsElapsed time: 1m53s | Remaining time: …

TestReport: ToNumber.wlt (53.28%) [=====================                   ] 138 SuccessEvaluating 138 of 259 testsElapsed time: 1m53s | Remaining time: …

TestReport: ToNumber.wlt (53.28%) [=====================                   ] 138 SuccessEvaluating 138 of 259 testsElapsed time: 1m54s | Remaining time: …

TestReport: ToNumber.wlt (53.67%) [=====================                   ] 139 SuccessEvaluating 139 of 259 testsElapsed time: 1m54s | Remaining time: …

TestReport: ToNumber.wlt (53.67%) [=====================                   ] 139 SuccessEvaluating 139 of 259 testsElapsed time: 1m55s | Remaining time: …

TestReport: ToNumber.wlt (53.67%) [=====================                   ] 139 SuccessEvaluating 139 of 259 testsElapsed time: 1m55s | Remaining time: …

TestReport: ToNumber.wlt (54.05%) [======================                  ] 140 SuccessEvaluating 140 of 259 testsElapsed time: 1m55s | Remaining time: …

TestReport: ToNumber.wlt (54.05%) [======================                  ] 140 SuccessEvaluating 140 of 259 testsElapsed time: 1m56s | Remaining time: …

TestReport: ToNumber.wlt (54.05%) [======================                  ] 140 SuccessEvaluating 140 of 259 testsElapsed time: 1m56s | Remaining time: …

TestReport: ToNumber.wlt (54.44%) [======================                  ] 141 SuccessEvaluating 141 of 259 testsElapsed time: 1m57s | Remaining time: …

TestReport: ToNumber.wlt (54.44%) [======================                  ] 141 SuccessEvaluating 141 of 259 testsElapsed time: 1m57s | Remaining time: …

TestReport: ToNumber.wlt (54.44%) [======================                  ] 141 SuccessEvaluating 141 of 259 testsElapsed time: 1m57s | Remaining time: …

TestReport: ToNumber.wlt (54.83%) [======================                  ] 142 SuccessEvaluating 142 of 259 testsElapsed time: 1m58s | Remaining time: …

TestReport: ToNumber.wlt (54.83%) [======================                  ] 142 SuccessEvaluating 142 of 259 testsElapsed time: 1m58s | Remaining time: …

TestReport: ToNumber.wlt (54.83%) [======================                  ] 142 SuccessEvaluating 142 of 259 testsElapsed time: 1m59s | Remaining time: …

TestReport: ToNumber.wlt (54.83%) [======================                  ] 142 SuccessEvaluating 142 of 259 testsElapsed time: 1m59s | Remaining time: …

TestReport: ToNumber.wlt (55.6%) [======================                  ] 144 SuccessEvaluating 144 of 259 testsElapsed time: 1m59s | Remaining time: …

TestReport: ToNumber.wlt (55.6%) [======================                  ] 144 SuccessEvaluating 144 of 259 testsElapsed time: 2m00s | Remaining time: …

TestReport: ToNumber.wlt (55.6%) [======================                  ] 144 SuccessEvaluating 144 of 259 testsElapsed time: 2m00s | Remaining time: …

TestReport: ToNumber.wlt (55.98%) [======================                  ] 145 SuccessEvaluating 145 of 259 testsElapsed time: 2m01s | Remaining time: …

TestReport: ToNumber.wlt (55.98%) [======================                  ] 145 SuccessEvaluating 145 of 259 testsElapsed time: 2m01s | Remaining time: …

TestReport: ToNumber.wlt (55.98%) [======================                  ] 145 SuccessEvaluating 145 of 259 testsElapsed time: 2m01s | Remaining time: …

TestReport: ToNumber.wlt (56.37%) [=======================                 ] 146 SuccessEvaluating 146 of 259 testsElapsed time: 2m02s | Remaining time: …

TestReport: ToNumber.wlt (56.37%) [=======================                 ] 146 SuccessEvaluating 146 of 259 testsElapsed time: 2m02s | Remaining time: …

TestReport: ToNumber.wlt (56.37%) [=======================                 ] 146 SuccessEvaluating 146 of 259 testsElapsed time: 2m03s | Remaining time: …

TestReport: ToNumber.wlt (56.37%) [=======================                 ] 146 SuccessEvaluating 146 of 259 testsElapsed time: 2m03s | Remaining time: …

TestReport: ToNumber.wlt (56.37%) [=======================                 ] 146 SuccessEvaluating 146 of 259 testsElapsed time: 2m03s | Remaining time: …

TestReport: ToNumber.wlt (56.37%) [=======================                 ] 146 SuccessEvaluating 146 of 259 testsElapsed time: 2m04s | Remaining time: …

TestReport: ToNumber.wlt (56.76%) [=======================                 ] 147 SuccessEvaluating 147 of 259 testsElapsed time: 2m04s | Remaining time: …

TestReport: ToNumber.wlt (56.76%) [=======================                 ] 147 SuccessEvaluating 147 of 259 testsElapsed time: 2m05s | Remaining time: …

TestReport: ToNumber.wlt (56.76%) [=======================                 ] 147 SuccessEvaluating 147 of 259 testsElapsed time: 2m05s | Remaining time: …

TestReport: ToNumber.wlt (57.14%) [=======================                 ] 148 SuccessEvaluating 148 of 259 testsElapsed time: 2m05s | Remaining time: …

TestReport: ToNumber.wlt (57.14%) [=======================                 ] 148 SuccessEvaluating 148 of 259 testsElapsed time: 2m06s | Remaining time: …

TestReport: ToNumber.wlt (57.14%) [=======================                 ] 148 SuccessEvaluating 148 of 259 testsElapsed time: 2m06s | Remaining time: …

TestReport: ToNumber.wlt (57.14%) [=======================                 ] 148 SuccessEvaluating 148 of 259 testsElapsed time: 2m07s | Remaining time: …

TestReport: ToNumber.wlt (57.14%) [=======================                 ] 148 SuccessEvaluating 148 of 259 testsElapsed time: 2m07s | Remaining time: …

TestReport: ToNumber.wlt (57.14%) [=======================                 ] 148 SuccessEvaluating 148 of 259 testsElapsed time: 2m07s | Remaining time: …

TestReport: ToNumber.wlt (57.53%) [=======================                 ] 149 SuccessEvaluating 149 of 259 testsElapsed time: 2m08s | Remaining time: …

TestReport: ToNumber.wlt (57.92%) [=======================                 ] 150 SuccessEvaluating 150 of 259 testsElapsed time: 2m08s | Remaining time: …

TestReport: ToNumber.wlt (58.3%) [=======================                 ] 151 SuccessEvaluating 151 of 259 testsElapsed time: 2m09s | Remaining time: …

TestReport: ToNumber.wlt (58.3%) [=======================                 ] 151 SuccessEvaluating 151 of 259 testsElapsed time: 2m09s | Remaining time: …

TestReport: ToNumber.wlt (58.69%) [=======================                 ] 152 SuccessEvaluating 152 of 259 testsElapsed time: 2m09s | Remaining time: …

TestReport: ToNumber.wlt (59.07%) [========================                ] 153 SuccessEvaluating 153 of 259 testsElapsed time: 2m10s | Remaining time: …

TestReport: ToNumber.wlt (59.46%) [========================                ] 154 SuccessEvaluating 154 of 259 testsElapsed time: 2m10s | Remaining time: …

TestReport: ToNumber.wlt (59.46%) [========================                ] 154 SuccessEvaluating 154 of 259 testsElapsed time: 2m11s | Remaining time: …

TestReport: ToNumber.wlt (60.23%) [========================                ] 156 SuccessEvaluating 156 of 259 testsElapsed time: 2m11s | Remaining time: …

TestReport: ToNumber.wlt (60.23%) [========================                ] 156 SuccessEvaluating 156 of 259 testsElapsed time: 2m11s | Remaining time: …

TestReport: ToNumber.wlt (60.23%) [========================                ] 156 SuccessEvaluating 156 of 259 testsElapsed time: 2m12s | Remaining time: …

TestReport: ToNumber.wlt (60.62%) [========================                ] 157 SuccessEvaluating 157 of 259 testsElapsed time: 2m12s | Remaining time: …

TestReport: ToNumber.wlt (60.62%) [========================                ] 157 SuccessEvaluating 157 of 259 testsElapsed time: 2m13s | Remaining time: …

TestReport: ToNumber.wlt (60.62%) [========================                ] 157 SuccessEvaluating 157 of 259 testsElapsed time: 2m13s | Remaining time: …

TestReport: ToNumber.wlt (61%) [========================                ] 158 SuccessEvaluating 158 of 259 testsElapsed time: 2m13s | Remaining time: …

TestReport: ToNumber.wlt (61%) [========================                ] 158 SuccessEvaluating 158 of 259 testsElapsed time: 2m14s | Remaining time: …

TestReport: ToNumber.wlt (61%) [========================                ] 158 SuccessEvaluating 158 of 259 testsElapsed time: 2m14s | Remaining time: …

TestReport: ToNumber.wlt (61.39%) [=========================               ] 159 SuccessEvaluating 159 of 259 testsElapsed time: 2m15s | Remaining time: …

TestReport: ToNumber.wlt (61.39%) [=========================               ] 159 SuccessEvaluating 159 of 259 testsElapsed time: 2m15s | Remaining time: …

TestReport: ToNumber.wlt (61.39%) [=========================               ] 159 SuccessEvaluating 159 of 259 testsElapsed time: 2m15s | Remaining time: …

TestReport: ToNumber.wlt (61.78%) [=========================               ] 160 SuccessEvaluating 160 of 259 testsElapsed time: 2m16s | Remaining time: …

TestReport: ToNumber.wlt (61.78%) [=========================               ] 160 SuccessEvaluating 160 of 259 testsElapsed time: 2m16s | Remaining time: …

TestReport: ToNumber.wlt (61.78%) [=========================               ] 160 SuccessEvaluating 160 of 259 testsElapsed time: 2m17s | Remaining time: …

TestReport: ToNumber.wlt (62.16%) [=========================               ] 161 SuccessEvaluating 161 of 259 testsElapsed time: 2m17s | Remaining time: …

TestReport: ToNumber.wlt (62.16%) [=========================               ] 161 SuccessEvaluating 161 of 259 testsElapsed time: 2m17s | Remaining time: …

TestReport: ToNumber.wlt (62.16%) [=========================               ] 161 SuccessEvaluating 161 of 259 testsElapsed time: 2m18s | Remaining time: …

TestReport: ToNumber.wlt (62.93%) [=========================               ] 163 SuccessEvaluating 163 of 259 testsElapsed time: 2m18s | Remaining time: …

TestReport: ToNumber.wlt (62.93%) [=========================               ] 163 SuccessEvaluating 163 of 259 testsElapsed time: 2m19s | Remaining time: …

TestReport: ToNumber.wlt (62.93%) [=========================               ] 163 SuccessEvaluating 163 of 259 testsElapsed time: 2m19s | Remaining time: …

TestReport: ToNumber.wlt (62.93%) [=========================               ] 163 SuccessEvaluating 163 of 259 testsElapsed time: 2m19s | Remaining time: …

TestReport: ToNumber.wlt (62.93%) [=========================               ] 163 SuccessEvaluating 163 of 259 testsElapsed time: 2m20s | Remaining time: …

TestReport: ToNumber.wlt (62.93%) [=========================               ] 163 SuccessEvaluating 163 of 259 testsElapsed time: 2m20s | Remaining time: …

TestReport: ToNumber.wlt (63.32%) [=========================               ] 164 SuccessEvaluating 164 of 259 testsElapsed time: 2m21s | Remaining time: …

TestReport: ToNumber.wlt (63.32%) [=========================               ] 164 SuccessEvaluating 164 of 259 testsElapsed time: 2m21s | Remaining time: …

TestReport: ToNumber.wlt (63.32%) [=========================               ] 164 SuccessEvaluating 164 of 259 testsElapsed time: 2m21s | Remaining time: …

TestReport: ToNumber.wlt (63.32%) [=========================               ] 164 SuccessEvaluating 164 of 259 testsElapsed time: 2m22s | Remaining time: …

TestReport: ToNumber.wlt (63.32%) [=========================               ] 164 SuccessEvaluating 164 of 259 testsElapsed time: 2m22s | Remaining time: …

TestReport: ToNumber.wlt (63.32%) [=========================               ] 164 SuccessEvaluating 164 of 259 testsElapsed time: 2m23s | Remaining time: …

TestReport: ToNumber.wlt (63.71%) [=========================               ] 165 SuccessEvaluating 165 of 259 testsElapsed time: 2m23s | Remaining time: …

TestReport: ToNumber.wlt (63.71%) [=========================               ] 165 SuccessEvaluating 165 of 259 testsElapsed time: 2m23s | Remaining time: …

TestReport: ToNumber.wlt (63.71%) [=========================               ] 165 SuccessEvaluating 165 of 259 testsElapsed time: 2m24s | Remaining time: …

TestReport: ToNumber.wlt (64.09%) [==========================              ] 166 SuccessEvaluating 166 of 259 testsElapsed time: 2m24s | Remaining time: …

TestReport: ToNumber.wlt (64.09%) [==========================              ] 166 SuccessEvaluating 166 of 259 testsElapsed time: 2m25s | Remaining time: …

TestReport: ToNumber.wlt (64.09%) [==========================              ] 166 SuccessEvaluating 166 of 259 testsElapsed time: 2m25s | Remaining time: …

TestReport: ToNumber.wlt (64.86%) [==========================              ] 168 SuccessEvaluating 168 of 259 testsElapsed time: 2m25s | Remaining time: …

TestReport: ToNumber.wlt (64.86%) [==========================              ] 168 SuccessEvaluating 168 of 259 testsElapsed time: 2m26s | Remaining time: …

TestReport: ToNumber.wlt (64.86%) [==========================              ] 168 SuccessEvaluating 168 of 259 testsElapsed time: 2m26s | Remaining time: …

TestReport: ToNumber.wlt (65.25%) [==========================              ] 169 SuccessEvaluating 169 of 259 testsElapsed time: 2m27s | Remaining time: …

TestReport: ToNumber.wlt (65.25%) [==========================              ] 169 SuccessEvaluating 169 of 259 testsElapsed time: 2m27s | Remaining time: …

TestReport: ToNumber.wlt (65.25%) [==========================              ] 169 SuccessEvaluating 169 of 259 testsElapsed time: 2m28s | Remaining time: …

TestReport: ToNumber.wlt (65.64%) [==========================              ] 170 SuccessEvaluating 170 of 259 testsElapsed time: 2m28s | Remaining time: …

TestReport: ToNumber.wlt (65.64%) [==========================              ] 170 SuccessEvaluating 170 of 259 testsElapsed time: 2m28s | Remaining time: …

TestReport: ToNumber.wlt (65.64%) [==========================              ] 170 SuccessEvaluating 170 of 259 testsElapsed time: 2m29s | Remaining time: …

TestReport: ToNumber.wlt (66.41%) [===========================             ] 172 SuccessEvaluating 172 of 259 testsElapsed time: 2m29s | Remaining time: …

TestReport: ToNumber.wlt (66.41%) [===========================             ] 172 SuccessEvaluating 172 of 259 testsElapsed time: 2m30s | Remaining time: …

TestReport: ToNumber.wlt (66.41%) [===========================             ] 172 SuccessEvaluating 172 of 259 testsElapsed time: 2m30s | Remaining time: …

TestReport: ToNumber.wlt (66.8%) [===========================             ] 173 SuccessEvaluating 173 of 259 testsElapsed time: 2m30s | Remaining time: …

TestReport: ToNumber.wlt (68.73%) [===========================             ] 178 SuccessEvaluating 178 of 259 testsElapsed time: 2m31s | Remaining time: …

TestReport: ToNumber.wlt (69.88%) [============================            ] 181 SuccessEvaluating 181 of 259 testsElapsed time: 2m31s | Remaining time: …

TestReport: ToNumber.wlt (69.88%) [============================            ] 181 SuccessEvaluating 181 of 259 testsElapsed time: 2m32s | Remaining time: …

TestReport: ToNumber.wlt (69.88%) [============================            ] 181 SuccessEvaluating 181 of 259 testsElapsed time: 2m32s | Remaining time: …

TestReport: ToNumber.wlt (69.88%) [============================            ] 181 SuccessEvaluating 181 of 259 testsElapsed time: 2m32s | Remaining time: …

TestReport: ToNumber.wlt (69.88%) [============================            ] 181 SuccessEvaluating 181 of 259 testsElapsed time: 2m33s | Remaining time: …

TestReport: ToNumber.wlt (70.27%) [============================            ] 182 SuccessEvaluating 182 of 259 testsElapsed time: 2m33s | Remaining time: …

TestReport: ToNumber.wlt (70.27%) [============================            ] 182 SuccessEvaluating 182 of 259 testsElapsed time: 2m34s | Remaining time: …

TestReport: ToNumber.wlt (70.27%) [============================            ] 182 SuccessEvaluating 182 of 259 testsElapsed time: 2m34s | Remaining time: …

TestReport: ToNumber.wlt (70.27%) [============================            ] 182 SuccessEvaluating 182 of 259 testsElapsed time: 2m34s | Remaining time: …

TestReport: ToNumber.wlt (70.27%) [============================            ] 182 SuccessEvaluating 182 of 259 testsElapsed time: 2m35s | Remaining time: …

TestReport: ToNumber.wlt (70.27%) [============================            ] 182 SuccessEvaluating 182 of 259 testsElapsed time: 2m35s | Remaining time: …

TestReport: ToNumber.wlt (70.66%) [============================            ] 183 SuccessEvaluating 183 of 259 testsElapsed time: 2m36s | Remaining time: …

TestReport: ToNumber.wlt (70.66%) [============================            ] 183 SuccessEvaluating 183 of 259 testsElapsed time: 2m36s | Remaining time: …

TestReport: ToNumber.wlt (70.66%) [============================            ] 183 SuccessEvaluating 183 of 259 testsElapsed time: 2m36s | Remaining time: …

TestReport: ToNumber.wlt (70.66%) [============================            ] 183 SuccessEvaluating 183 of 259 testsElapsed time: 2m37s | Remaining time: …

TestReport: ToNumber.wlt (70.66%) [============================            ] 183 SuccessEvaluating 183 of 259 testsElapsed time: 2m37s | Remaining time: …

TestReport: ToNumber.wlt (70.66%) [============================            ] 183 SuccessEvaluating 183 of 259 testsElapsed time: 2m38s | Remaining time: …

TestReport: ToNumber.wlt (72.59%) [=============================           ] 188 SuccessEvaluating 188 of 259 testsElapsed time: 2m38s | Remaining time: …

TestReport: ToNumber.wlt (72.59%) [=============================           ] 188 SuccessEvaluating 188 of 259 testsElapsed time: 2m38s | Remaining time: …

TestReport: ToNumber.wlt (72.59%) [=============================           ] 188 SuccessEvaluating 188 of 259 testsElapsed time: 2m39s | Remaining time: …

TestReport: ToNumber.wlt (72.59%) [=============================           ] 188 SuccessEvaluating 188 of 259 testsElapsed time: 2m39s | Remaining time: …

TestReport: ToNumber.wlt (72.59%) [=============================           ] 188 SuccessEvaluating 188 of 259 testsElapsed time: 2m40s | Remaining time: …

TestReport: ToNumber.wlt (72.59%) [=============================           ] 188 SuccessEvaluating 188 of 259 testsElapsed time: 2m40s | Remaining time: …

TestReport: ToNumber.wlt (72.97%) [=============================           ] 189 SuccessEvaluating 189 of 259 testsElapsed time: 2m40s | Remaining time: …

TestReport: ToNumber.wlt (72.97%) [=============================           ] 189 SuccessEvaluating 189 of 259 testsElapsed time: 2m41s | Remaining time: …

TestReport: ToNumber.wlt (72.97%) [=============================           ] 189 SuccessEvaluating 189 of 259 testsElapsed time: 2m41s | Remaining time: …

TestReport: ToNumber.wlt (73.36%) [=============================           ] 190 SuccessEvaluating 190 of 259 testsElapsed time: 2m42s | Remaining time: …

TestReport: ToNumber.wlt (73.36%) [=============================           ] 190 SuccessEvaluating 190 of 259 testsElapsed time: 2m42s | Remaining time: …

TestReport: ToNumber.wlt (73.36%) [=============================           ] 190 SuccessEvaluating 190 of 259 testsElapsed time: 2m42s | Remaining time: …

TestReport: ToNumber.wlt (73.75%) [=============================           ] 191 SuccessEvaluating 191 of 259 testsElapsed time: 2m43s | Remaining time: …

TestReport: ToNumber.wlt (73.75%) [=============================           ] 191 SuccessEvaluating 191 of 259 testsElapsed time: 2m43s | Remaining time: …

TestReport: ToNumber.wlt (73.75%) [=============================           ] 191 SuccessEvaluating 191 of 259 testsElapsed time: 2m44s | Remaining time: …

TestReport: ToNumber.wlt (74.13%) [==============================          ] 192 SuccessEvaluating 192 of 259 testsElapsed time: 2m44s | Remaining time: …

TestReport: ToNumber.wlt (74.13%) [==============================          ] 192 SuccessEvaluating 192 of 259 testsElapsed time: 2m44s | Remaining time: …

TestReport: ToNumber.wlt (74.13%) [==============================          ] 192 SuccessEvaluating 192 of 259 testsElapsed time: 2m45s | Remaining time: …

TestReport: ToNumber.wlt (75.68%) [==============================          ] 196 SuccessEvaluating 196 of 259 testsElapsed time: 2m45s | Remaining time: …

TestReport: ToNumber.wlt (77.22%) [===============================         ] 200 SuccessEvaluating 200 of 259 testsElapsed time: 2m46s | Remaining time: …

TestReport: ToNumber.wlt (79.15%) [================================        ] 205 SuccessEvaluating 205 of 259 testsElapsed time: 2m46s | Remaining time: …

TestReport: ToNumber.wlt (81.47%) [=================================       ] 211 SuccessEvaluating 211 of 259 testsElapsed time: 2m46s | Remaining time: …

TestReport: ToNumber.wlt (84.17%) [==================================      ] 218 SuccessEvaluating 218 of 259 testsElapsed time: 2m47s | Remaining time: …

TestReport: ToNumber.wlt (84.17%) [==================================      ] 218 SuccessEvaluating 218 of 259 testsElapsed time: 2m47s | Remaining time: …

TestReport: ToNumber.wlt (84.17%) [==================================      ] 218 SuccessEvaluating 218 of 259 testsElapsed time: 2m48s | Remaining time: …

TestReport: ToNumber.wlt (84.56%) [==================================      ] 219 SuccessEvaluating 219 of 259 testsElapsed time: 2m48s | Remaining time: …

TestReport: ToNumber.wlt (84.56%) [==================================      ] 219 SuccessEvaluating 219 of 259 testsElapsed time: 2m48s | Remaining time: …

TestReport: ToNumber.wlt (84.56%) [==================================      ] 219 SuccessEvaluating 219 of 259 testsElapsed time: 2m49s | Remaining time: …

TestReport: ToNumber.wlt (84.94%) [==================================      ] 220 SuccessEvaluating 220 of 259 testsElapsed time: 2m49s | Remaining time: …

TestReport: ToNumber.wlt (84.94%) [==================================      ] 220 SuccessEvaluating 220 of 259 testsElapsed time: 2m50s | Remaining time: …

TestReport: ToNumber.wlt (84.94%) [==================================      ] 220 SuccessEvaluating 220 of 259 testsElapsed time: 2m50s | Remaining time: …

TestReport: ToNumber.wlt (85.71%) [==================================      ] 222 SuccessEvaluating 222 of 259 testsElapsed time: 2m50s | Remaining time: …

TestReport: ToNumber.wlt (88.42%) [===================================     ] 229 SuccessEvaluating 229 of 259 testsElapsed time: 2m51s | Remaining time: …

TestReport: ToNumber.wlt (88.42%) [===================================     ] 229 SuccessEvaluating 229 of 259 testsElapsed time: 2m51s | Remaining time: …

TestReport: ToNumber.wlt (88.42%) [===================================     ] 229 SuccessEvaluating 229 of 259 testsElapsed time: 2m52s | Remaining time: …

TestReport: ToNumber.wlt (88.8%) [====================================    ] 230 SuccessEvaluating 230 of 259 testsElapsed time: 2m52s | Remaining time: …

TestReport: ToNumber.wlt (89.19%) [====================================    ] 231 SuccessEvaluating 231 of 259 testsElapsed time: 2m52s | Remaining time: …

TestReport: ToNumber.wlt (89.19%) [====================================    ] 231 SuccessEvaluating 231 of 259 testsElapsed time: 2m53s | Remaining time: …

TestReport: ToNumber.wlt (89.96%) [====================================    ] 233 SuccessEvaluating 233 of 259 testsElapsed time: 2m53s | Remaining time: …

TestReport: ToNumber.wlt (89.96%) [====================================    ] 233 SuccessEvaluating 233 of 259 testsElapsed time: 2m54s | Remaining time: …

TestReport: ToNumber.wlt (89.96%) [====================================    ] 233 SuccessEvaluating 233 of 259 testsElapsed time: 2m54s | Remaining time: …

TestReport: ToNumber.wlt (91.51%) [=====================================   ] 237 SuccessEvaluating 237 of 259 testsElapsed time: 2m54s | Remaining time: …

TestReport: ToNumber.wlt (93.44%) [=====================================   ] 242 SuccessEvaluating 242 of 259 testsElapsed time: 2m55s | Remaining time: …

=== Test Summary ===
Total: 259
Passed: 259
Failed: 0
Pass rate: 100.%
